
[1m[46m RUN [49m[22m [36mv4.0.13 [39m[90mC:/Users/Intel/Downloads/DOan/E-learning-Website/frontend[39m

node.exe : [90mstderr[2m 
| src/pages/student/Payment
History.test.jsx[2m > 
[22m[2mPaymentHistory 
Page[2m > 
[22m[2mrenders page 
title and summary cards
At line:1 char:1
+ & "C:\Program 
Files\nodejs/node.exe" "C:\
Users\Intel\AppData\Roaming
\ ...
+ ~~~~~~~~~~~~~~~~~~~~~~~~~
~~~~~~~~~~~~~~~~~~~~~~~~~~~
~~~~~~~~~~~~~~~~~
    + CategoryInfo         
     : NotSpeci    fied: 
([90mstder    r[2m...d 
summary     cards:String) 
[]    , RemoteException
    + FullyQualifiedE    
rrorId : NativeCo    
mmandError
 
[22m[39mEach child in a 
list should have a unique 
"key" prop.

Check the render method of 
`DataTable`. See https://re
act.dev/link/warning-keys 
for more information.

 [31m❯[39m src/pages/student/PaymentHistory.test.jsx [2m([22m[2m4 tests[22m[2m | [22m[31m2 failed[39m[2m)[22m[32m 290[2mms[22m[39m
     [32m✓[39m renders page title and summary cards[32m 75[2mms[22m[39m
     [32m✓[39m renders sidebar with active link[32m 31[2mms[22m[39m
[31m     [31m×[31m renders tabs and switches content[39m[32m 49[2mms[22m[39m
[31m     [31m×[31m renders data table with transactions[39m[32m 134[2mms[22m[39m

[31m⎯⎯⎯⎯⎯⎯⎯[39m[1m[41m 
Failed Tests 2 
[49m[22m[31m⎯⎯⎯⎯⎯⎯⎯[39m

[41m[1m FAIL [22m[49m s
rc/pages/student/PaymentHis
tory.test.jsx[2m > 
[22mPaymentHistory 
Page[2m > [22mrenders 
tabs and switches content
[31m[1mTestingLibraryElem
entError[22m[39m: Unable 
to find an element with 
the text: Học phí kỳ 1 năm 
học 2025-2026. This could 
be because the text is 
broken up by multiple 
elements. In this case, 
you can provide a function 
for your text matcher to 
make your matcher more 
flexible.

Ignored nodes: comments, 
script, style
[36m<body>[39m
  [36m<div>[39m
    [36m<div[39m
      [33mclass[39m=[32m
"min-h-screen bg-slate-50 
flex flex-col"[39m
    [36m>[39m
      [36m<div[39m
        [33mdata-testid[3
9m=[32m"mock-header"[39m
      [36m>[39m
        [0mHeader[0m
      [36m</div>[39m
      [36m<div[39m
        
[33mclass[39m=[32m"flex 
flex-1 w-full 
max-w-[1600px] 
mx-auto"[39m
      [36m>[39m
        [36m<aside[39m
          [33mclass[39m=
[32m"hidden lg:block w-64 
bg-white border-r 
min-h-[calc(100vh-64px)] 
shrink-0"[39m
        [36m>[39m
          [36m<div[39m
            [33mclass[39m
=[32m"p-4"[39m
          [36m>[39m
            [36m<div[39m
              [33mclass[3
9m=[32m"text-xs 
font-semibold 
text-slate-400 uppercase 
tracking-wider mb-2"[39m
            [36m>[39m
              
[0mDashboard & Học tập[0m
            
[36m</div>[39m
            [36m<nav[39m
              [33mclass[3
9m=[32m"space-y-1"[39m
            [36m>[39m
              
[36m<div>[39m
                
[36m<a[39m
                  
[33mclass[39m=[32m"flex 
items-center 
justify-between px-3 
py-2.5 rounded-lg text-sm 
font-medium 
transition-colors 
text-slate-600 
hover:bg-slate-50 
hover:text-slate-900"[39m
                  [33mdata
-discover[39m=[32m"true"
[39m
                  [33mhref
[39m=[32m"/s/dashboard"[
39m
                [36m>[39m
                  
[36m<div[39m
                    
[33mclass[39m=[32m"flex 
items-center gap-3"[39m
                  
[36m>[39m
                    
[36m<svg[39m
                      [33m
aria-hidden[39m=[32m"true
"[39m
                      [33m
class[39m=[32m"lucide 
lucide-house w-5 h-5 
text-slate-400"[39m
                      [33m
fill[39m=[32m"none"[39m
                      [33m
height[39m=[32m"24"[39m
                      [33m
stroke[39m=[32m"currentCo
lor"[39m
                      [33m
stroke-linecap[39m=[32m"r
ound"[39m
                      [33m
stroke-linejoin[39m=[32m"
round"[39m
                      [33m
stroke-width[39m=[32m"2"
[39m
                      
[33mviewBox[39m=[32m"0 
0 24 24"[39m
                      [33m
width[39m=[32m"24"[39m
                      [33m
xmlns[39m=[32m"http://www
.w3.org/2000/svg"[39m
                    
[36m>[39m
                      
[36m<path[39m
                        
[33md[39m=[32m"M15 
21v-8a1 1 0 0 0-1-1h-4a1 1 
0 0 0-1 1v8"[39m
                      
[36m/>[39m
                      
[36m<path[39m
                        
[33md[39m=[32m"M3 10a2 
2 0 0 1 .709-1.528l7-6a2 2 
0 0 1 2.582 0l7 6A2 2 0 0 
1 21 10v9a2 2 0 0 1-2 
2H5a2 2 0 0 1-2-2z"[39m
                      
[36m/>[39m
                    
[36m</svg>[39m
                    
[36m<span>[39m
                      
[0mTrang chủ[0m
                    
[36m</span>[39m
                  
[36m</div>[39m
                
[36m</a>[39m
              
[36m</div>[39m
              
[36m<div>[39m
                
[36m<a[39m
                  
[33mclass[39m=[32m"flex 
items-center 
justify-between px-3 
py-2.5 rounded-lg text-sm 
font-medium 
transition-colors 
text-slate-600 
hover:bg-slate-50 
hover:text-slate-900"[39m
                  [33mdata
-discover[39m=[32m"true"
[39m
                  [33mhref
[39m=[32m"/"[39m
                [36m>[39m
                  
[36m<div[39m
                    
[33mclass[39m=[32m"flex 
items-center gap-3"[39m
                  
[36m>[39m
                    
[36m<svg[39m
                      [33m
aria-hidden[39m=[32m"true
"[39m
                      [33m
class[39m=[32m"lucide 
lucide-newspaper w-5 h-5 
text-slate-400"[39m
                      [33m
fill[39m=[32m"none"[39m
                      [33m
height[39m=[32m"24"[39m
                      [33m
stroke[39m=[32m"currentCo
lor"[39m
                      [33m
stroke-linecap[39m=[32m"r
ound"[39m
                      [33m
stroke-linejoin[39m=[32m"
round"[39m
                      [33m
stroke-width[39m=[32m"2"
[39m
                      
[33mviewBox[39m=[32m"0 
0 24 24"[39m
                      [33m
width[39m=[32m"24"[39m
                      [33m
xmlns[39m=[32m"http://www
.w3.org/2000/svg"[39m
                    
[36m>[39m
                      
[36m<path[39m
                        
[33md[39m=[32m"M15 
18h-5"[39m
                      
[36m/>[39m
                      
[36m<path[39m
                        
[33md[39m=[32m"M18 
14h-8"[39m
                      
[36m/>[39m
                      
[36m<path[39m
                        
[33md[39m=[32m"M4 
22h16a2 2 0 0 0 2-2V4a2 2 
0 0 0-2-2H8a2 2 0 0 0-2 
2v16a2 2 0 0 1-4 0v-9a2 2 
0 0 1 2-2h2"[39m
                      
[36m/>[39m
                      
[36m<rect[39m
                        [3
3mheight[39m=[32m"4"[39m
                        
[33mrx[39m=[32m"1"[39m
                        [3
3mwidth[39m=[32m"8"[39m
                        
[33mx[39m=[32m"10"[39m
                        
[33my[39m=[32m"6"[39m
                      
[36m/>[39m
                    
[36m</svg>[39m
                    
[36m<span>[39m
                      
[0mTin tức[0m
                    
[36m</span>[39m
                  
[36m</div>[39m
                
[36m</a>[39m
              
[36m</div>[39m
              
[36m<div>[39m
                
[36m<a[39m
                  
[33mclass[39m=[32m"flex 
items-center 
justify-between px-3 
py-2.5 rounded-lg text-sm 
font-medium 
transition-colors 
text-slate-600 
hover:bg-slate-50 
hover:text-slate-900"[39m
                  [33mdata
-discover[39m=[32m"true"
[39m
                  [33mhref
[39m=[32m"/s/profile"[39
m
                [36m>[39m
                  
[36m<div[39m
                    
[33mclass[39m=[32m"flex 
items-center gap-3"[39m
                  
[36m>[39m
                    
[36m<svg[39m
                      [33m
aria-hidden[39m=[32m"true
"[39m
                      [33m
class[39m=[32m"lucide 
lucide-user w-5 h-5 
text-slate-400"[39m
                      [33m
fill[39m=[32m"none"[39m
                      [33m
height[39m=[32m"24"[39m
                      [33m
stroke[39m=[32m"currentCo
lor"[39m
                      [33m
stroke-linecap[39m=[32m"r
ound"[39m
                      [33m
stroke-linejoin[39m=[32m"
round"[39m
                      [33m
stroke-width[39m=[32m"2"
[39m
                      
[33mviewBox[39m=[32m"0 
0 24 24"[39m
                      [33m
width[39m=[32m"24"[39m
                      [33m
xmlns[39m=[32m"http://www
.w3.org/2000/svg"[39m
                    
[36m>[39m
                      
[36m<path[39m
                        
[33md[39m=[32m"M19 
21v-2a4 4 0 0 0-4-4H9a4 4 
0 0 0-4 4v2"[39m
                      
[36m/>[39m
                      
[36m<circle[39m
                        
[33mcx[39m=[32m"12"[39m
                        
[33mcy[39m=[32m"7"[39m
                        
[33mr[39m=[32m"4"[39m
                      
[36m/>[39m
                    ...
[90m [2m❯[22m 
Object.getElementError node
_modules/@testing-library/d
om/dist/config.js:[2m37:19
[22m[39m
[90m [2m❯[22m node_modul
es/@testing-library/dom/dis
t/query-helpers.js:[2m76:3
8[22m[39m
[90m [2m❯[22m node_modul
es/@testing-library/dom/dis
t/query-helpers.js:[2m52:1
7[22m[39m
[90m [2m❯[22m node_modul
es/@testing-library/dom/dis
t/query-helpers.js:[2m95:1
9[22m[39m
[36m [2m❯[22m src/pages/
student/PaymentHistory.test
.jsx:[2m57:23[22m[39m
    [90m 55| [39m
    [90m 56| [39m        
// Initially shows all 
transactions (check for a 
known transac…
    [90m 57| [39m        
expect(screen.getByText('Họ
c phí kỳ 1 năm học 
2025-2026')).toB…
    [90m   | [39m        
              [31m^[39m
    [90m 58| [39m
    [90m 59| [39m        
[90m// Switch to "Nộp 
tiền" tab[39m

[31m[2m⎯⎯⎯⎯⎯⎯⎯⎯⎯⎯⎯⎯⎯⎯⎯⎯⎯⎯
⎯⎯⎯⎯⎯⎯[1/2]⎯[22m[39m

[41m[1m FAIL [22m[49m s
rc/pages/student/PaymentHis
tory.test.jsx[2m > 
[22mPaymentHistory 
Page[2m > [22mrenders 
data table with 
transactions
[31m[1mTestingLibraryElem
entError[22m[39m: Unable 
to find an element with 
the text: Mã GD. This 
could be because the text 
is broken up by multiple 
elements. In this case, 
you can provide a function 
for your text matcher to 
make your matcher more 
flexible.

Ignored nodes: comments, 
script, style
[36m<body>[39m
  [36m<div>[39m
    [36m<div[39m
      [33mclass[39m=[32m
"min-h-screen bg-slate-50 
flex flex-col"[39m
    [36m>[39m
      [36m<div[39m
        [33mdata-testid[3
9m=[32m"mock-header"[39m
      [36m>[39m
        [0mHeader[0m
      [36m</div>[39m
      [36m<div[39m
        
[33mclass[39m=[32m"flex 
flex-1 w-full 
max-w-[1600px] 
mx-auto"[39m
      [36m>[39m
        [36m<aside[39m
          [33mclass[39m=
[32m"hidden lg:block w-64 
bg-white border-r 
min-h-[calc(100vh-64px)] 
shrink-0"[39m
        [36m>[39m
          [36m<div[39m
            [33mclass[39m
=[32m"p-4"[39m
          [36m>[39m
            [36m<div[39m
              [33mclass[3
9m=[32m"text-xs 
font-semibold 
text-slate-400 uppercase 
tracking-wider mb-2"[39m
            [36m>[39m
              
[0mDashboard & Học tập[0m
            
[36m</div>[39m
            [36m<nav[39m
              [33mclass[3
9m=[32m"space-y-1"[39m
            [36m>[39m
              
[36m<div>[39m
                
[36m<a[39m
                  
[33mclass[39m=[32m"flex 
items-center 
justify-between px-3 
py-2.5 rounded-lg text-sm 
font-medium 
transition-colors 
text-slate-600 
hover:bg-slate-50 
hover:text-slate-900"[39m
                  [33mdata
-discover[39m=[32m"true"
[39m
                  [33mhref
[39m=[32m"/s/dashboard"[
39m
                [36m>[39m
                  
[36m<div[39m
                    
[33mclass[39m=[32m"flex 
items-center gap-3"[39m
                  
[36m>[39m
                    
[36m<svg[39m
                      [33m
aria-hidden[39m=[32m"true
"[39m
                      [33m
class[39m=[32m"lucide 
lucide-house w-5 h-5 
text-slate-400"[39m
                      [33m
fill[39m=[32m"none"[39m
                      [33m
height[39m=[32m"24"[39m
                      [33m
stroke[39m=[32m"currentCo
lor"[39m
                      [33m
stroke-linecap[39m=[32m"r
ound"[39m
                      [33m
stroke-linejoin[39m=[32m"
round"[39m
                      [33m
stroke-width[39m=[32m"2"
[39m
                      
[33mviewBox[39m=[32m"0 
0 24 24"[39m
                      [33m
width[39m=[32m"24"[39m
                      [33m
xmlns[39m=[32m"http://www
.w3.org/2000/svg"[39m
                    
[36m>[39m
                      
[36m<path[39m
                        
[33md[39m=[32m"M15 
21v-8a1 1 0 0 0-1-1h-4a1 1 
0 0 0-1 1v8"[39m
                      
[36m/>[39m
                      
[36m<path[39m
                        
[33md[39m=[32m"M3 10a2 
2 0 0 1 .709-1.528l7-6a2 2 
0 0 1 2.582 0l7 6A2 2 0 0 
1 21 10v9a2 2 0 0 1-2 
2H5a2 2 0 0 1-2-2z"[39m
                      
[36m/>[39m
                    
[36m</svg>[39m
                    
[36m<span>[39m
                      
[0mTrang chủ[0m
                    
[36m</span>[39m
                  
[36m</div>[39m
                
[36m</a>[39m
              
[36m</div>[39m
              
[36m<div>[39m
                
[36m<a[39m
                  
[33mclass[39m=[32m"flex 
items-center 
justify-between px-3 
py-2.5 rounded-lg text-sm 
font-medium 
transition-colors 
text-slate-600 
hover:bg-slate-50 
hover:text-slate-900"[39m
                  [33mdata
-discover[39m=[32m"true"
[39m
                  [33mhref
[39m=[32m"/"[39m
                [36m>[39m
                  
[36m<div[39m
                    
[33mclass[39m=[32m"flex 
items-center gap-3"[39m
                  
[36m>[39m
                    
[36m<svg[39m
                      [33m
aria-hidden[39m=[32m"true
"[39m
                      [33m
class[39m=[32m"lucide 
lucide-newspaper w-5 h-5 
text-slate-400"[39m
                      [33m
fill[39m=[32m"none"[39m
                      [33m
height[39m=[32m"24"[39m
                      [33m
stroke[39m=[32m"currentCo
lor"[39m
                      [33m
stroke-linecap[39m=[32m"r
ound"[39m
                      [33m
stroke-linejoin[39m=[32m"
round"[39m
                      [33m
stroke-width[39m=[32m"2"
[39m
                      
[33mviewBox[39m=[32m"0 
0 24 24"[39m
                      [33m
width[39m=[32m"24"[39m
                      [33m
xmlns[39m=[32m"http://www
.w3.org/2000/svg"[39m
                    
[36m>[39m
                      
[36m<path[39m
                        
[33md[39m=[32m"M15 
18h-5"[39m
                      
[36m/>[39m
                      
[36m<path[39m
                        
[33md[39m=[32m"M18 
14h-8"[39m
                      
[36m/>[39m
                      
[36m<path[39m
                        
[33md[39m=[32m"M4 
22h16a2 2 0 0 0 2-2V4a2 2 
0 0 0-2-2H8a2 2 0 0 0-2 
2v16a2 2 0 0 1-4 0v-9a2 2 
0 0 1 2-2h2"[39m
                      
[36m/>[39m
                      
[36m<rect[39m
                        [3
3mheight[39m=[32m"4"[39m
                        
[33mrx[39m=[32m"1"[39m
                        [3
3mwidth[39m=[32m"8"[39m
                        
[33mx[39m=[32m"10"[39m

                        
[33my[39m=[32m"6"[39m
                      
[36m/>[39m
                    
[36m</svg>[39m
                    
[36m<span>[39m
                      
[0mTin tức[0m
                    
[36m</span>[39m
                  
[36m</div>[39m
                
[36m</a>[39m
              
[36m</div>[39m
              
[36m<div>[39m
                
[36m<a[39m
                  
[33mclass[39m=[32m"flex 
items-center 
justify-between px-3 
py-2.5 rounded-lg text-sm 
font-medium 
transition-colors 
text-slate-600 
hover:bg-slate-50 
hover:text-slate-900"[39m
                  [33mdata
-discover[39m=[32m"true"
[39m
                  [33mhref
[39m=[32m"/s/profile"[39
m
                [36m>[39m
                  
[36m<div[39m
                    
[33mclass[39m=[32m"flex 
items-center gap-3"[39m
                  
[36m>[39m
                    
[36m<svg[39m
                      [33m
aria-hidden[39m=[32m"true
"[39m
                      [33m
class[39m=[32m"lucide 
lucide-user w-5 h-5 
text-slate-400"[39m
                      [33m
fill[39m=[32m"none"[39m
                      [33m
height[39m=[32m"24"[39m
                      [33m
stroke[39m=[32m"currentCo
lor"[39m
                      [33m
stroke-linecap[39m=[32m"r
ound"[39m
                      [33m
stroke-linejoin[39m=[32m"
round"[39m
                      [33m
stroke-width[39m=[32m"2"
[39m
                      
[33mviewBox[39m=[32m"0 
0 24 24"[39m
                      [33m
width[39m=[32m"24"[39m
                      [33m
xmlns[39m=[32m"http://www
.w3.org/2000/svg"[39m
                    
[36m>[39m
                      
[36m<path[39m
                        
[33md[39m=[32m"M19 
21v-2a4 4 0 0 0-4-4H9a4 4 
0 0 0-4 4v2"[39m
                      
[36m/>[39m
                      
[36m<circle[39m
                        
[33mcx[39m=[32m"12"[39m
                        
[33mcy[39m=[32m"7"[39m
                        
[33mr[39m=[32m"4"[39m
                      
[36m/>[39m
                    ...
[90m [2m❯[22m 
Object.getElementError node
_modules/@testing-library/d
om/dist/config.js:[2m37:19
[22m[39m
[90m [2m❯[22m node_modul
es/@testing-library/dom/dis
t/query-helpers.js:[2m76:3
8[22m[39m
[90m [2m❯[22m node_modul
es/@testing-library/dom/dis
t/query-helpers.js:[2m52:1
7[22m[39m
[90m [2m❯[22m node_modul
es/@testing-library/dom/dis
t/query-helpers.js:[2m95:1
9[22m[39m
[36m [2m❯[22m src/pages/
student/PaymentHistory.test
.jsx:[2m77:23[22m[39m
    [90m 75| [39m
    [90m 76| [39m        
[34mexpect[39m(screen[33
m.[39m[34mgetByRole[39m(
[32m'table'[39m))[33m.[
39m[34mtoBeInTheDocument[
39m()[33m;[39m
    [90m 77| [39m        
[34mexpect[39m(screen[33
m.[39m[34mgetByText[39m(
[32m'Mã GD'[39m))[33m.[
39m[34mtoBeInTheDocument[
39m()[33m;[39m
    [90m   | [39m        
              [31m^[39m
[2m Test Files [22m [1m[31m1 failed[39m[22m[90m (1)[39m
[2m      Tests [22m [1m[31m2 failed[39m[22m[2m | [22m[1m[32m2 passed[39m[22m[90m (4)[39m
[2m   Start at [22m 00:48:44
[2m   Duration [22m 1.40s[2m (transform 147ms, setup 159ms, collect 233ms, tests 290ms, environment 587ms, prepare 9ms)[22m

    [90m 78| [39m        
[34mexpect[39m(screen[33
m.[39m[34mgetByText[39m(
[32m'Số tiền'[39m))[33m.
[39m[34mtoBeInTheDocument
[39m()[33m;[39m
    [90m 79| [39m    
})[33m;[39m

[31m[2m⎯⎯⎯⎯⎯⎯⎯⎯⎯⎯⎯⎯⎯⎯⎯⎯⎯⎯
⎯⎯⎯⎯⎯⎯[2/2]⎯[22m[39m

